// Jest Snapshot v1, https://goo.gl/fbAQLP

exports[`ActionMenu Component should match the snapshot 1`] = `
<DocumentFragment>
  <button
    aria-controls="radix-:r0:"
    aria-expanded="false"
    aria-haspopup="dialog"
    data-state="closed"
    type="button"
  >
    <svg
      class="lucide lucide-ellipsis text-slate-400"
      data-testid="action-menu"
      fill="none"
      height="24"
      stroke="currentColor"
      stroke-linecap="round"
      stroke-linejoin="round"
      stroke-width="2"
      viewBox="0 0 24 24"
      width="24"
      xmlns="http://www.w3.org/2000/svg"
    >
      <circle
        cx="12"
        cy="12"
        r="1"
      />
      <circle
        cx="19"
        cy="12"
        r="1"
      />
      <circle
        cx="5"
        cy="12"
        r="1"
      />
    </svg>
  </button>
</DocumentFragment>
`;
