// Jest Snapshot v1, https://goo.gl/fbAQLP

exports[`CampainTable should match snapshot 1`] = `
<DocumentFragment>
  <div
    class="rounded-xl border bg-card text-card-foreground shadow"
  >
    <div
      class="relative w-full overflow-auto"
    >
      <table
        class="w-full caption-bottom text-sm"
      >
        <thead
          class="[&_tr]:border-b"
        >
          <tr
            class="border-b transition-colors hover:bg-muted/50 data-[state=selected]:bg-muted"
          >
            <th
              class="h-10 px-2 text-left align-middle font-medium text-muted-foreground [&:has([role=checkbox])]:pr-0 [&>[role=checkbox]]:translate-y-[2px] w-[100px]"
            >
              Id
            </th>
            <th
              class="h-10 px-2 text-left align-middle font-medium text-muted-foreground [&:has([role=checkbox])]:pr-0 [&>[role=checkbox]]:translate-y-[2px]"
            >
              Nome
            </th>
            <th
              class="h-10 px-2 text-left align-middle font-medium text-muted-foreground [&:has([role=checkbox])]:pr-0 [&>[role=checkbox]]:translate-y-[2px] w-[200px]"
            >
              Data Inicio
            </th>
            <th
              class="h-10 px-2 text-left align-middle font-medium text-muted-foreground [&:has([role=checkbox])]:pr-0 [&>[role=checkbox]]:translate-y-[2px] w-[200px]"
            >
              Data Fim
            </th>
            <th
              class="h-10 px-2 text-left align-middle font-medium text-muted-foreground [&:has([role=checkbox])]:pr-0 [&>[role=checkbox]]:translate-y-[2px] w-[200px]"
            >
              Status
            </th>
            <th
              class="h-10 px-2 text-left align-middle font-medium text-muted-foreground [&:has([role=checkbox])]:pr-0 [&>[role=checkbox]]:translate-y-[2px] w-[100px]"
            >
              Ações
            </th>
          </tr>
        </thead>
        <tbody
          class="[&_tr:last-child]:border-0"
        />
      </table>
    </div>
    <nav
      aria-label="pagination"
      class="mx-auto flex w-full p-2 justify-end border-t"
      role="navigation"
    >
      <ul
        class="flex flex-row items-center gap-1"
      >
        <button
          class="inline-flex items-center justify-center whitespace-nowrap rounded-md text-sm font-medium transition-colors focus-visible:outline-none focus-visible:ring-1 focus-visible:ring-ring disabled:pointer-events-none disabled:opacity-50 text-primary-foreground shadow h-9 px-4 py-2 bg-slate-700 hover:bg-slate-800"
          disabled=""
        >
          <svg
            class="lucide lucide-chevron-left"
            fill="none"
            height="24"
            stroke="currentColor"
            stroke-linecap="round"
            stroke-linejoin="round"
            stroke-width="2"
            viewBox="0 0 24 24"
            width="24"
            xmlns="http://www.w3.org/2000/svg"
          >
            <path
              d="m15 18-6-6 6-6"
            />
          </svg>
        </button>
        <button
          class="inline-flex items-center justify-center whitespace-nowrap rounded-md text-sm font-medium transition-colors focus-visible:outline-none focus-visible:ring-1 focus-visible:ring-ring disabled:pointer-events-none disabled:opacity-50 text-primary-foreground shadow h-9 px-4 py-2 bg-slate-700 hover:bg-slate-800"
          disabled=""
        >
          <svg
            class="lucide lucide-chevron-right"
            fill="none"
            height="24"
            stroke="currentColor"
            stroke-linecap="round"
            stroke-linejoin="round"
            stroke-width="2"
            viewBox="0 0 24 24"
            width="24"
            xmlns="http://www.w3.org/2000/svg"
          >
            <path
              d="m9 18 6-6-6-6"
            />
          </svg>
        </button>
      </ul>
    </nav>
  </div>
</DocumentFragment>
`;
